../Core/Src/main.c:78:6:HAL_UART_RxCpltCallback	16	static
../Core/Src/main.c:93:5:main	80	static
../Core/Src/main.c:180:6:SystemClock_Config	72	static
../Core/Src/main.c:220:13:MX_I2C1_Init	8	static
../Core/Src/main.c:254:13:MX_TIM1_Init	32	static
../Core/Src/main.c:300:13:MX_USART1_UART_Init	8	static
../Core/Src/main.c:333:13:MX_GPIO_Init	40	static
../Core/Src/main.c:359:6:display_Cycle	8	static
../Core/Src/main.c:375:6:readTemperature	8	static
../Core/Src/main.c:393:6:readHumidity	8	static
../Core/Src/main.c:417:6:ReadTempTask	16	static
../Core/Src/main.c:437:6:ReadHumiTask	16	static
../Core/Src/main.c:457:6:HAL_TIM_PeriodElapsedCallback	16	static
../Core/Src/main.c:474:6:Error_Handler	4	static,ignoring_inline_asm
