../Core/Src/main.c:83:6:HAL_UART_RxCpltCallback	16	static
../Core/Src/main.c:99:5:main	144	static
../Core/Src/main.c:199:6:SystemClock_Config	72	static
../Core/Src/main.c:239:13:MX_I2C1_Init	8	static
../Core/Src/main.c:273:13:MX_TIM1_Init	32	static
../Core/Src/main.c:319:13:MX_USART1_UART_Init	8	static
../Core/Src/main.c:352:13:MX_GPIO_Init	40	static
../Core/Src/main.c:378:6:display_Cycle	8	static
../Core/Src/main.c:394:6:readTemperature	8	static
../Core/Src/main.c:409:6:readHumidity	8	static
../Core/Src/main.c:421:6:update_Cycle	8	static
../Core/Src/main.c:425:6:UART_Transmit	8	static
../Core/Src/main.c:443:6:ReadTempTask	16	static
../Core/Src/main.c:464:6:ReadHumiTask	16	static
../Core/Src/main.c:484:6:CycleTask03	16	static
../Core/Src/main.c:509:6:Task_UART	16	static
../Core/Src/main.c:530:6:HAL_TIM_PeriodElapsedCallback	16	static
../Core/Src/main.c:547:6:Error_Handler	4	static,ignoring_inline_asm
