../Core/Src/main.c:41:5:main	24	static
../Core/Src/main.c:77:6:readSensor	24	static
../Core/Src/main.c:104:6:displayLCD	8	static
../Core/Src/main.c:117:6:transmitData	8	static
../Core/Src/main.c:128:6:initEventQueue	4	static
../Core/Src/main.c:133:6:HAL_TIM_PeriodElapsedCallback	16	static
../Core/Src/main.c:141:6:ADC_Select_CH0	24	static
../Core/Src/main.c:152:6:ADC_Select_CH1	24	static
../Core/Src/main.c:164:6:SystemClock_Config	88	static
../Core/Src/main.c:208:13:MX_ADC1_Init	24	static
../Core/Src/main.c:264:13:MX_I2C1_Init	8	static
../Core/Src/main.c:298:13:MX_TIM2_Init	32	static
../Core/Src/main.c:343:13:MX_USART1_UART_Init	8	static
../Core/Src/main.c:376:13:MX_GPIO_Init	40	static
../Core/Src/main.c:410:6:Error_Handler	4	static,ignoring_inline_asm
