../Core/Src/main.c:41:5:main	24	static
../Core/Src/main.c:79:6:readSensor	24	static
../Core/Src/main.c:109:6:displayLCD	8	static
../Core/Src/main.c:122:6:transmitData	8	static
../Core/Src/main.c:133:6:initEventQueue	4	static
../Core/Src/main.c:138:6:HAL_TIM_PeriodElapsedCallback	16	static
../Core/Src/main.c:146:6:ADC_Select_CH0	24	static
../Core/Src/main.c:157:6:ADC_Select_CH1	24	static
../Core/Src/main.c:169:6:SystemClock_Config	88	static
../Core/Src/main.c:213:13:MX_ADC1_Init	24	static
../Core/Src/main.c:269:13:MX_I2C1_Init	8	static
../Core/Src/main.c:303:13:MX_TIM2_Init	32	static
../Core/Src/main.c:348:13:MX_USART1_UART_Init	8	static
../Core/Src/main.c:381:13:MX_GPIO_Init	40	static
../Core/Src/main.c:415:6:Error_Handler	4	static,ignoring_inline_asm
